// Jest Snapshot v1, https://goo.gl/fbAQLP

exports[`DiaryPage page rendered correctly 1`] = `
<div>
  <div
    className="diary-container"
  >
    <div
      className="diary-title"
    >
      <div
        style={
          Object {
            "left": "50%",
            "position": "fixed",
            "top": "50%",
            "transform": "translate(-50%, -50%)",
          }
        }
      >
        <span
          style={
            Object {
              "display": "inherit",
              "height": "100px",
              "position": "relative",
              "width": "100px",
            }
          }
        >
          <span
            style={
              Object {
                "animation": "react-spinners-CircleLoader-circle 1s 0s infinite linear",
                "animationFillMode": "",
                "borderBottom": "none",
                "borderLeft": "1px solid #000000",
                "borderRadius": "100%",
                "borderRight": "none",
                "borderTop": "1px solid #000000",
                "height": "100px",
                "left": "0%",
                "position": "absolute",
                "top": "0%",
                "transition": "2s",
                "width": "100px",
              }
            }
          />
          <span
            style={
              Object {
                "animation": "react-spinners-CircleLoader-circle 1s 0.2s infinite linear",
                "animationFillMode": "",
                "borderBottom": "none",
                "borderLeft": "1px solid #000000",
                "borderRadius": "100%",
                "borderRight": "none",
                "borderTop": "1px solid #000000",
                "height": "90px",
                "left": "0.875%",
                "position": "absolute",
                "top": "1.75%",
                "transition": "2s",
                "width": "90px",
              }
            }
          />
          <span
            style={
              Object {
                "animation": "react-spinners-CircleLoader-circle 1s 0.4s infinite linear",
                "animationFillMode": "",
                "borderBottom": "none",
                "borderLeft": "1px solid #000000",
                "borderRadius": "100%",
                "borderRight": "none",
                "borderTop": "1px solid #000000",
                "height": "80px",
                "left": "1.75%",
                "position": "absolute",
                "top": "3.5%",
                "transition": "2s",
                "width": "80px",
              }
            }
          />
          <span
            style={
              Object {
                "animation": "react-spinners-CircleLoader-circle 1s 0.6000000000000001s infinite linear",
                "animationFillMode": "",
                "borderBottom": "none",
                "borderLeft": "1px solid #000000",
                "borderRadius": "100%",
                "borderRight": "none",
                "borderTop": "1px solid #000000",
                "height": "70px",
                "left": "2.6249999999999996%",
                "position": "absolute",
                "top": "5.249999999999999%",
                "transition": "2s",
                "width": "70px",
              }
            }
          />
          <span
            style={
              Object {
                "animation": "react-spinners-CircleLoader-circle 1s 0.8s infinite linear",
                "animationFillMode": "",
                "borderBottom": "none",
                "borderLeft": "1px solid #000000",
                "borderRadius": "100%",
                "borderRight": "none",
                "borderTop": "1px solid #000000",
                "height": "60px",
                "left": "3.5%",
                "position": "absolute",
                "top": "7%",
                "transition": "2s",
                "width": "60px",
              }
            }
          />
        </span>
      </div>
      <a
        className="history-button"
        href="/diary/history"
        onClick={[Function]}
      >
        HistoryðŸ“œ
      </a>
    </div>
    <div
      className="form-container"
    >
      <form
        onSubmit={[Function]}
      >
        <input
          aria-label="date"
          className="dateField"
          name="date"
          onChange={[Function]}
          required={true}
          type="date"
          value=""
        />
        <textarea
          aria-label="entry"
          className="entryField"
          name="entry"
          onChange={[Function]}
          placeholder="Diary Entry"
          required={true}
          rows="15"
          type="text"
          value=""
        />
        <input
          className="image-entry"
          onChange={[Function]}
          type="file"
        />
        <div
          className="buttons-container"
        >
          <button
            className="button-container undefined"
            name="analyzeBtn"
            onClick={[Function]}
            type="button"
          >
            Analyze
          </button>
          <p
            className="no-data"
          >
            First analyze the entry.
          </p>
        </div>
      </form>
    </div>
    <div
      className="sentiment-container"
    >
      <p
        className="no-data"
      >
        Do the analysis to view the result
      </p>
    </div>
  </div>
</div>
`;
